// Jest Snapshot v1, https://goo.gl/fbAQLP

exports[`ChannelValue test  ChannelValue component renders 1`] = `
Array [
  <div
    className="makeStyles-componentContainer-2"
  >
    <p
      className="MuiTypography-root makeStyles-sectionTitle-1 MuiTypography-body1"
    >
      Basic Usage
    </p>
    <span
      className="makeStyles-root-4 makeStyles-root-9"
      data-test="wrapper"
    >
      <h6
        className="MuiTypography-root makeStyles-text-6 makeStyles-value-8 MuiTypography-h6 MuiTypography-colorInherit"
        data-test="value"
      >
        123
      </h6>
    </span>
  </div>,
  <div
    className="makeStyles-componentContainer-2"
  >
    <p
      className="MuiTypography-root makeStyles-sectionTitle-1 MuiTypography-body1"
    >
      w/ Units
    </p>
    <span
      className="makeStyles-root-4 makeStyles-root-10"
      data-test="wrapper"
    >
      <h6
        className="MuiTypography-root makeStyles-text-6 makeStyles-value-8 MuiTypography-h6 MuiTypography-colorInherit"
        data-test="value"
      >
        123
      </h6>
      <h6
        className="MuiTypography-root makeStyles-text-6 makeStyles-units-7 MuiTypography-h6 MuiTypography-colorInherit"
        data-test="units"
      >
        hz
      </h6>
    </span>
  </div>,
  <div
    className="makeStyles-componentContainer-2"
  >
    <p
      className="MuiTypography-root makeStyles-sectionTitle-1 MuiTypography-body1"
    >
      w/ Icon
    </p>
    <span
      className="makeStyles-root-4 makeStyles-root-11"
      data-test="wrapper"
    >
      <span
        className="makeStyles-icon-5"
        data-test="icon"
      >
        <svg
          aria-hidden={true}
          className="MuiSvgIcon-root"
          color="#ca3c3d"
          focusable="false"
          style={
            Object {
              "display": "block",
              "fontSize": "inherit",
            }
          }
          viewBox="0 0 24 24"
        >
          <path
            d="M16 6l2.29 2.29-4.88 4.88-4-4L2 16.59 3.41 18l6-6 4 4 6.3-6.29L22 12V6z"
          />
        </svg>
      </span>
      <h6
        className="MuiTypography-root makeStyles-text-6 makeStyles-value-8 MuiTypography-h6 MuiTypography-colorInherit"
        data-test="value"
      >
        123
      </h6>
      <h6
        className="MuiTypography-root makeStyles-text-6 makeStyles-units-7 MuiTypography-h6 MuiTypography-colorInherit"
        data-test="units"
      >
        hz
      </h6>
    </span>
  </div>,
  <div
    className="makeStyles-componentContainer-2"
  >
    <p
      className="MuiTypography-root makeStyles-sectionTitle-1 MuiTypography-body1"
    >
      w/ Custom Font Size
    </p>
    <span
      className="makeStyles-root-4 makeStyles-root-12"
      data-test="wrapper"
    >
      <span
        className="makeStyles-icon-5"
        data-test="icon"
      >
        <svg
          aria-hidden={true}
          className="MuiSvgIcon-root"
          color="#ca3c3d"
          focusable="false"
          style={
            Object {
              "display": "block",
              "fontSize": "inherit",
            }
          }
          viewBox="0 0 24 24"
        >
          <path
            d="M16 6l2.29 2.29-4.88 4.88-4-4L2 16.59 3.41 18l6-6 4 4 6.3-6.29L22 12V6z"
          />
        </svg>
      </span>
      <h6
        className="MuiTypography-root makeStyles-text-6 makeStyles-value-8 MuiTypography-h6 MuiTypography-colorInherit"
        data-test="value"
      >
        123
      </h6>
      <h6
        className="MuiTypography-root makeStyles-text-6 makeStyles-units-7 MuiTypography-h6 MuiTypography-colorInherit"
        data-test="units"
      >
        hz
      </h6>
    </span>
  </div>,
]
`;

exports[`ChannelValue test  Component renders correctly 1`] = `
Array [
  <div
    className="makeStyles-componentContainer-2"
  >
    <p
      className="MuiTypography-root makeStyles-sectionTitle-1 MuiTypography-body1"
    >
      Basic Usage
    </p>
    <span
      className="makeStyles-root-4 makeStyles-root-9"
      data-test="wrapper"
    >
      <h6
        className="MuiTypography-root makeStyles-text-6 makeStyles-value-8 MuiTypography-h6 MuiTypography-colorInherit"
        data-test="value"
      >
        123
      </h6>
    </span>
  </div>,
  <div
    className="makeStyles-componentContainer-2"
  >
    <p
      className="MuiTypography-root makeStyles-sectionTitle-1 MuiTypography-body1"
    >
      w/ Units
    </p>
    <span
      className="makeStyles-root-4 makeStyles-root-10"
      data-test="wrapper"
    >
      <h6
        className="MuiTypography-root makeStyles-text-6 makeStyles-value-8 MuiTypography-h6 MuiTypography-colorInherit"
        data-test="value"
      >
        123
      </h6>
      <h6
        className="MuiTypography-root makeStyles-text-6 makeStyles-units-7 MuiTypography-h6 MuiTypography-colorInherit"
        data-test="units"
      >
        hz
      </h6>
    </span>
  </div>,
  <div
    className="makeStyles-componentContainer-2"
  >
    <p
      className="MuiTypography-root makeStyles-sectionTitle-1 MuiTypography-body1"
    >
      w/ Icon
    </p>
    <span
      className="makeStyles-root-4 makeStyles-root-11"
      data-test="wrapper"
    >
      <span
        className="makeStyles-icon-5"
        data-test="icon"
      >
        <svg
          aria-hidden={true}
          className="MuiSvgIcon-root"
          color="#ca3c3d"
          focusable="false"
          style={
            Object {
              "display": "block",
              "fontSize": "inherit",
            }
          }
          viewBox="0 0 24 24"
        >
          <path
            d="M16 6l2.29 2.29-4.88 4.88-4-4L2 16.59 3.41 18l6-6 4 4 6.3-6.29L22 12V6z"
          />
        </svg>
      </span>
      <h6
        className="MuiTypography-root makeStyles-text-6 makeStyles-value-8 MuiTypography-h6 MuiTypography-colorInherit"
        data-test="value"
      >
        123
      </h6>
      <h6
        className="MuiTypography-root makeStyles-text-6 makeStyles-units-7 MuiTypography-h6 MuiTypography-colorInherit"
        data-test="units"
      >
        hz
      </h6>
    </span>
  </div>,
  <div
    className="makeStyles-componentContainer-2"
  >
    <p
      className="MuiTypography-root makeStyles-sectionTitle-1 MuiTypography-body1"
    >
      w/ Custom Font Size
    </p>
    <span
      className="makeStyles-root-4 makeStyles-root-12"
      data-test="wrapper"
    >
      <span
        className="makeStyles-icon-5"
        data-test="icon"
      >
        <svg
          aria-hidden={true}
          className="MuiSvgIcon-root"
          color="#ca3c3d"
          focusable="false"
          style={
            Object {
              "display": "block",
              "fontSize": "inherit",
            }
          }
          viewBox="0 0 24 24"
        >
          <path
            d="M16 6l2.29 2.29-4.88 4.88-4-4L2 16.59 3.41 18l6-6 4 4 6.3-6.29L22 12V6z"
          />
        </svg>
      </span>
      <h6
        className="MuiTypography-root makeStyles-text-6 makeStyles-value-8 MuiTypography-h6 MuiTypography-colorInherit"
        data-test="value"
      >
        123
      </h6>
      <h6
        className="MuiTypography-root makeStyles-text-6 makeStyles-units-7 MuiTypography-h6 MuiTypography-colorInherit"
        data-test="units"
      >
        hz
      </h6>
    </span>
  </div>,
]
`;
